../Core/Src/main.c:100:5:main	56	static
../Core/Src/main.c:230:6:SystemClock_Config	88	static
../Core/Src/main.c:271:13:MX_LPUART1_UART_Init	8	static
../Core/Src/main.c:320:13:MX_TIM6_Init	24	static
../Core/Src/main.c:358:13:MX_GPIO_Init	16	static
../Core/Src/main.c:373:6:EXTI15_10_IRQHandler	8	static
../Core/Src/main.c:378:6:HAL_GPIO_EXTI_Callback	16	static
../Core/Src/main.c:385:6:HAL_TIM_PeriodElapsedCallback	16	static
../Core/Src/main.c:392:5:__io_putchar	16	static
../Core/Src/main.c:398:6:HAL_UART_RxCpltCallback	16	static
../Core/Src/main.c:406:6:rx_ring_put	24	static
../Core/Src/main.c:417:5:rx_ring_get	16	static
../Core/Src/main.c:427:6:HAL_UART_TxCpltCallback	16	static
../Core/Src/main.c:440:6:tx_ring_put	40	static,ignoring_inline_asm
../Core/Src/main.c:469:6:Error_Handler	4	static,ignoring_inline_asm
