../Core/Src/main.c:94:5:main	56	static
../Core/Src/main.c:224:6:SystemClock_Config	88	static
../Core/Src/main.c:265:13:MX_LPUART1_UART_Init	8	static
../Core/Src/main.c:314:13:MX_TIM6_Init	24	static
../Core/Src/main.c:352:13:MX_GPIO_Init	16	static
../Core/Src/main.c:367:6:EXTI15_10_IRQHandler	8	static
../Core/Src/main.c:372:6:HAL_GPIO_EXTI_Callback	16	static
../Core/Src/main.c:379:6:HAL_TIM_PeriodElapsedCallback	16	static
../Core/Src/main.c:386:5:__io_putchar	16	static
../Core/Src/main.c:392:6:HAL_UART_RxCpltCallback	16	static
../Core/Src/main.c:400:6:rx_ring_put	24	static
../Core/Src/main.c:411:5:rx_ring_get	16	static
../Core/Src/main.c:426:6:Error_Handler	4	static,ignoring_inline_asm
