../Core/Src/main.c:94:5:main	23
../Core/Src/main.c:224:6:SystemClock_Config	3
../Core/Src/main.c:265:13:MX_LPUART1_UART_Init	5
../Core/Src/main.c:314:13:MX_TIM6_Init	3
../Core/Src/main.c:352:13:MX_GPIO_Init	1
../Core/Src/main.c:367:6:EXTI15_10_IRQHandler	1
../Core/Src/main.c:372:6:HAL_GPIO_EXTI_Callback	2
../Core/Src/main.c:379:6:HAL_TIM_PeriodElapsedCallback	2
../Core/Src/main.c:386:5:__io_putchar	1
../Core/Src/main.c:392:6:HAL_UART_RxCpltCallback	2
../Core/Src/main.c:400:6:rx_ring_put	2
../Core/Src/main.c:411:5:rx_ring_get	2
../Core/Src/main.c:426:6:Error_Handler	1
