../Core/Src/main.c:100:5:main	23
../Core/Src/main.c:230:6:SystemClock_Config	3
../Core/Src/main.c:271:13:MX_LPUART1_UART_Init	5
../Core/Src/main.c:320:13:MX_TIM6_Init	3
../Core/Src/main.c:358:13:MX_GPIO_Init	1
../Core/Src/main.c:373:6:EXTI15_10_IRQHandler	1
../Core/Src/main.c:378:6:HAL_GPIO_EXTI_Callback	2
../Core/Src/main.c:385:6:HAL_TIM_PeriodElapsedCallback	2
../Core/Src/main.c:392:5:__io_putchar	1
../Core/Src/main.c:398:6:HAL_UART_RxCpltCallback	2
../Core/Src/main.c:406:6:rx_ring_put	2
../Core/Src/main.c:417:5:rx_ring_get	2
../Core/Src/main.c:427:6:HAL_UART_TxCpltCallback	3
../Core/Src/main.c:440:6:tx_ring_put	3
../Core/Src/main.c:469:6:Error_Handler	1
